<html>
<body>
<pre>
<h1>µVision Build Log</h1>
<h2>Tool Versions:</h2>
IDE-Version: ¶ÃVision V5.29.0.0
Copyright (C) 2019 ARM Ltd and ARM Germany GmbH. All rights reserved.
License Information: hj HJ-001, hj, LIC=D0D7S-LDKKC-MMS9I-TV1NP-ZEPB1-JKHPJ
 
Tool Versions:
Toolchain:       MDK-ARM Plus  Version: 5.29.0.0
Toolchain Path:  D:\software\MDK5\ARM\ARMCC\Bin
C Compiler:      Armcc.exe V5.06 update 6 (build 750)
Assembler:       Armasm.exe V5.06 update 6 (build 750)
Linker/Locator:  ArmLink.exe V5.06 update 6 (build 750)
Library Manager: ArmAr.exe V5.06 update 6 (build 750)
Hex Converter:   FromElf.exe V5.06 update 6 (build 750)
CPU DLL:         SARMCM3.DLL V5.29.0.0
Dialog DLL:      DARMSTM.DLL V1.68.0.0
Target DLL:      STLink\ST-LINKIII-KEIL_SWO.dll V3.0.7.0
Dialog DLL:      TARMSTM.DLL V1.66.0.0
 
<h2>Project:</h2>
E:\—ßœ∞\STM32\OBJECT\∫ÏÕ‚“£øÿÃ∞≥‘…ﬂ\USER\REMOTE.uvprojx
Project File Date:  11/16/2022

<h2>Output:</h2>
*** Using Compiler 'V5.06 update 6 (build 750)', folder: 'D:\software\MDK5\ARM\ARMCC\Bin'
Rebuild target 'REMOTE'
assembling startup_stm32f10x_hd.s...
compiling core_cm3.c...
compiling stm32f10x_it.c...
compiling led.c...
compiling system_stm32f10x.c...
compiling stm32f10x_gpio.c...
compiling misc.c...
compiling stm32f10x_rcc.c...
compiling remote.c...
compiling stm32f10x_fsmc.c...
compiling delay.c...
compiling main.c...
compiling stm32f10x_tim.c...
compiling usart.c...
compiling lcd.c...
compiling stm32f10x_usart.c...
compiling sys.c...
linking...
Program Size: Code=32476 RO-data=6472 RW-data=68 ZI-data=2076  
FromELF: creating hex file...
"..\OBJ\REMOTE.axf" - 0 Error(s), 0 Warning(s).

<h2>Software Packages used:</h2>

Package Vendor: Keil
                http://www.keil.com/pack/Keil.STM32F1xx_DFP.2.3.0.pack
                Keil.STM32F1xx_DFP.2.3.0
                STMicroelectronics STM32F1 Series Device Support, Drivers and Examples

<h2>Collection of Component include folders:</h2>
  .\RTE\_REMOTE
  D:\software\MDK5\ARM\PACK\Keil\STM32F1xx_DFP\2.3.0\Device\Include

<h2>Collection of Component Files used:</h2>
Build Time Elapsed:  00:00:03
</pre>
</body>
</html>
